Microsemi Libero Software
Version: 11.8.3.6
Release: v11.8 SP3

Info: The design spi_clk.adb was last modified by software version 11.8.3.6.
Opened an existing Libero design spi_clk.adb.
'BA_NAME' set to 'spi_clk_ba'
'IDE_DESIGNERVIEW_NAME' set to 'Impl1'
'IDE_DESIGNERVIEW_COUNT' set to '1'
'IDE_DESIGNERVIEW_REV0' set to 'Impl1'
'IDE_DESIGNERVIEW_REVNUM0' set to '1'
'IDE_DESIGNERVIEW_ROOTDIR' set to 'C:\PID Project\SPI_recieveer\designer'
'IDE_DESIGNERVIEW_LASTREV' set to '1'

 Netlist Reading Time = 0.0 seconds
Imported the file:
   C:\PID Project\SPI_recieveer\synthesis\spi_clk.edn

The Import command succeeded ( 00:00:00 )
=====================================================================
Parameters used to run compile:
===============================

Family      : ProASIC3E
Device      : A3PE1500
Package     : 208 PQFP
Source      : C:\PID Project\SPI_recieveer\synthesis\spi_clk.edn
Format      : EDIF
Topcell     : spi_clk
Speed grade : STD
Temp        : 0:25:70
Voltage     : 1.58:1.50:1.42

Keep Existing Physical Constraints : No
Keep Existing Timing Constraints   : Yes

pdc_abort_on_error                 : Yes
pdc_eco_display_unmatched_objects  : No
pdc_eco_max_warnings               : 10000

demote_globals                     : No
promote_globals                    : No
localclock_max_shared_instances    : 12
localclock_buffer_tree_max_fanout  : 12

combine_register                   : No
delete_buffer_tree                 : No

report_high_fanout_nets_limit      : 10

=====================================================================
Compile starts ...


Netlist Optimization Report
===========================

Optimized macros:
  - Dangling net drivers:   0
  - Buffers:                0
  - Inverters:              0
  - Tieoff:                 0
  - Logic combining:        2

    Total macros optimized  2

There were 0 error(s) and 0 warning(s) in this design.
=====================================================================

Reading previous post-compile physical placement constraints.


There were 0 error(s) and 0 warning(s).

=====================================================================
Compile report:
===============

    CORE                       Used:     22  Total:  38400   (0.06%)
    IO (W/ clocks)             Used:      3  Total:    147   (2.04%)
    Differential IO            Used:      0  Total:     65   (0.00%)
    GLOBAL (Chip+Quadrant)     Used:      1  Total:     18   (5.56%)
    PLL                        Used:      0  Total:      2   (0.00%)
    RAM/FIFO                   Used:      0  Total:     60   (0.00%)
    Low Static ICC             Used:      0  Total:      1   (0.00%)
    FlashROM                   Used:      0  Total:      1   (0.00%)
    User JTAG                  Used:      0  Total:      1   (0.00%)

Global Information:

    Type            | Used   | Total
    ----------------|--------|--------------
    Chip global     | 1      | 6  (16.67%)*
    Quadrant global | 0      | 12 (0.00%)

    (*) Chip globals may be assigned to Quadrant globals using the Multi-View Navigator (MVN)
        or Physical Design Constraints (PDC).
        They may also be assigned to Quadrant globals automatically during Layout.

Core Information:

    Type    | Instances    | Core tiles
    --------|--------------|-----------
    COMB    | 15           | 15
    SEQ     | 7            | 7

I/O Function:

    Type                                  | w/o register  | w/ register  | w/ DDR register
    --------------------------------------|---------------|--------------|----------------
    Input I/O                             | 2             | 0            | 0
    Output I/O                            | 1             | 0            | 0
    Bidirectional I/O                     | 0             | 0            | 0
    Differential Input I/O Pairs          | 0             | 0            | 0
    Differential Output I/O Pairs         | 0             | 0            | 0

I/O Technology:

                                    |   Voltages    |             I/Os
    --------------------------------|-------|-------|-------|--------|--------------
    I/O Standard(s)                 | Vcci  | Vref  | Input | Output | Bidirectional
    --------------------------------|-------|-------|-------|--------|--------------
    LVTTL                           | 3.30v | N/A   | 2     | 1      | 0

I/O Placement:

    Locked  :   0
    Placed  :   0
    UnPlaced:   3 ( 100.00% )

Net information report:
=======================

The following nets have been assigned to a chip global resource:
    Fanout  Type          Name
    --------------------------
    7       CLK_NET       Net   : clk_c
                          Driver: clk_pad
                          Source: NETLIST

High fanout nets in the post compile netlist:
    Fanout  Type          Name
    --------------------------
    7       SET/RESET_NET Net   : n_rst_c
                          Driver: n_rst_pad
    6       INT_NET       Net   : counter[0]
                          Driver: counter[0]
    5       INT_NET       Net   : counter[1]
                          Driver: counter[1]
    4       INT_NET       Net   : counter[3]
                          Driver: counter[3]
    4       INT_NET       Net   : counter[2]
                          Driver: counter[2]
    3       INT_NET       Net   : counter[4]
                          Driver: counter[4]
    3       INT_NET       Net   : cur_clk6_2
                          Driver: counter_RNIHRI6[1]
    3       INT_NET       Net   : cur_clk6_3
                          Driver: counter_RNIE36D[5]
    2       INT_NET       Net   : counter[5]
                          Driver: counter[5]
    2       INT_NET       Net   : un3_counter.U1.DWACT_FINC_E[0]
                          Driver: un3_counter_I_10

Nets that are candidates for clock assignment and the resulting fanout:
    Fanout  Type          Name
    --------------------------
    7       SET/RESET_NET Net   : n_rst_c
                          Driver: n_rst_pad
    6       INT_NET       Net   : counter[0]
                          Driver: counter[0]
    5       INT_NET       Net   : counter[1]
                          Driver: counter[1]
    4       INT_NET       Net   : counter[3]
                          Driver: counter[3]
    4       INT_NET       Net   : counter[2]
                          Driver: counter[2]
    3       INT_NET       Net   : counter[4]
                          Driver: counter[4]
    3       INT_NET       Net   : cur_clk6_2
                          Driver: counter_RNIHRI6[1]
    3       INT_NET       Net   : cur_clk6_3
                          Driver: counter_RNIE36D[5]
    2       INT_NET       Net   : counter[5]
                          Driver: counter[5]
    2       INT_NET       Net   : un3_counter.U1.DWACT_FINC_E[0]
                          Driver: un3_counter_I_10

The Compile command succeeded ( 00:00:00 )
Wrote status report to file: spi_clk_compile_report.txt

The Report command succeeded ( 00:00:00 )
Wrote pin report to file: spi_clk_report_pin_byname.txt

The Report command succeeded ( 00:00:01 )
Wrote pin report to file: spi_clk_report_pin_bynumber.txt

The Report command succeeded ( 00:00:01 )
Design saved to file C:\PID Project\SPI_recieveer\designer\impl1\spi_clk.adb.

The Execute Script command succeeded ( 00:00:04 )
Design closed.

