Target Part: A3PE1500_PQFP208_STD
Report for cell PSU_Top_Level.verilog
  Core Cell usage:
              cell count     area count*area
              AND2   140      1.0      140.0
             AND2A    15      1.0       15.0
              AND3   310      1.0      310.0
               AO1  2036      1.0     2036.0
              AO13   266      1.0      266.0
              AO18    43      1.0       43.0
              AO1A   105      1.0      105.0
              AO1B   186      1.0      186.0
              AO1C    82      1.0       82.0
              AO1D    16      1.0       16.0
              AOI1    14      1.0       14.0
             AOI1A    25      1.0       25.0
             AOI1B    91      1.0       91.0
               AX1    18      1.0       18.0
              AX1A     5      1.0        5.0
              AX1B    33      1.0       33.0
              AX1C   135      1.0      135.0
              AX1D   393      1.0      393.0
              AX1E     5      1.0        5.0
             AXOI5    62      1.0       62.0
              BUFF     5      1.0        5.0
            CLKINT     4      0.0        0.0
               GND    95      0.0        0.0
               INV    33      1.0       33.0
              MAJ3   656      1.0      656.0
              MIN3    37      1.0       37.0
               MX2  1415      1.0     1415.0
              MX2A    11      1.0       11.0
              MX2B    11      1.0       11.0
              MX2C    50      1.0       50.0
              NOR2   326      1.0      326.0
             NOR2A   866      1.0      866.0
             NOR2B  3479      1.0     3479.0
              NOR3   200      1.0      200.0
             NOR3A   266      1.0      266.0
             NOR3B   276      1.0      276.0
             NOR3C   813      1.0      813.0
               OA1   573      1.0      573.0
              OA1A   164      1.0      164.0
              OA1B   199      1.0      199.0
              OA1C    18      1.0       18.0
              OAI1     4      1.0        4.0
               OR2  1249      1.0     1249.0
              OR2A   241      1.0      241.0
              OR2B    38      1.0       38.0
               OR3   589      1.0      589.0
              OR3A    12      1.0       12.0
              OR3B    18      1.0       18.0
              OR3C    13      1.0       13.0
               VCC    95      0.0        0.0
               XA1  1177      1.0     1177.0
              XA1A    75      1.0       75.0
              XA1B   343      1.0      343.0
              XA1C    32      1.0       32.0
             XNOR2   822      1.0      822.0
             XNOR3   217      1.0      217.0
               XO1    45      1.0       45.0
              XO1A    11      1.0       11.0
              XOR2  1210      1.0     1210.0
              XOR3   826      1.0      826.0
             ZOR3I    50      1.0       50.0


            DFN1C0   800      1.0      800.0
          DFN1E0C0   431      1.0      431.0
          DFN1E0P0    19      1.0       19.0
          DFN1E1C0  5924      1.0     5924.0
            DFN1P0    63      1.0       63.0
                   -----          ----------
             TOTAL 27781             27587.0


  IO Cell usage:
              cell count
            CLKBUF     2
             INBUF    15
            OUTBUF    29
                   -----
             TOTAL    46


Core Cells         : 27587 of 38400 (72%)
IO Cells           : 46

  RAM/ROM Usage Summary
Block Rams : 0 of 60 (0%)

